This is pdfTeX, Version 3.141592653-2.6-1.40.29 (MiKTeX 26.2) (preloaded format=pdflatex 2026.3.30)  24 SEP 2026 15:32
entering extended mode
 restricted \write18 enabled.
 %&-line parsing enabled.
**./IntroductionSLGP.tex
(IntroductionSLGP.tex
LaTeX2e <2025-11-01>
L3 programming layer <2026-01-19>
(C:\Program Files\MiKTeX\tex/latex/base\article.cls
Document Class: article 2025/01/22 v1.4n Standard LaTeX document class
(C:\Program Files\MiKTeX\tex/latex/base\size10.clo
File: size10.clo 2025/01/22 v1.4n Standard LaTeX file (size option)
)
\c@part=\count275
\c@section=\count276
\c@subsection=\count277
\c@subsubsection=\count278
\c@paragraph=\count279
\c@subparagraph=\count280
\c@figure=\count281
\c@table=\count282
\abovecaptionskip=\skip49
\belowcaptionskip=\skip50
\bibindent=\dimen148
) (C:\Program Files\MiKTeX\tex/latex/xcolor\xcolor.sty
Package: xcolor 2024/09/29 v3.02 LaTeX color extensions (UK)
(C:\Program Files\MiKTeX\tex/latex/graphics-cfg\color.cfg
File: color.cfg 2016/01/02 v1.6 sample color configuration
)
Package xcolor Info: Driver file: pdftex.def on input line 274.
(C:\Program Files\MiKTeX\tex/latex/graphics-def\pdftex.def
File: pdftex.def 2025/09/29 v1.2d Graphics/color driver for pdftex
) (C:\Program Files\MiKTeX\tex/latex/graphics\mathcolor.ltx)
Package xcolor Info: Model `cmy' substituted by `cmy0' on input line 1349.
Package xcolor Info: Model `hsb' substituted by `rgb' on input line 1353.
Package xcolor Info: Model `RGB' extended on input line 1365.
Package xcolor Info: Model `HTML' substituted by `rgb' on input line 1367.
Package xcolor Info: Model `Hsb' substituted by `hsb' on input line 1368.
Package xcolor Info: Model `tHsb' substituted by `hsb' on input line 1369.
Package xcolor Info: Model `HSB' substituted by `hsb' on input line 1370.
Package xcolor Info: Model `Gray' substituted by `gray' on input line 1371.
Package xcolor Info: Model `wave' substituted by `hsb' on input line 1372.
) (C:\Users\agautier\AppData\Roaming\MiKTeX\tex/latex/geometry\geometry.sty
Package: geometry 2020/01/02 v5.9 Page Geometry
(C:\Program Files\MiKTeX\tex/latex/graphics\keyval.sty
Package: keyval 2022/05/29 v1.15 key=value parser (DPC)
\KV@toks@=\toks17
) (C:\Program Files\MiKTeX\tex/generic/iftex\ifvtex.sty
Package: ifvtex 2019/10/25 v1.7 ifvtex legacy package. Use iftex instead.
(C:\Program Files\MiKTeX\tex/generic/iftex\iftex.sty
Package: iftex 2024/12/12 v1.0g TeX engine tests
))
\Gm@cnth=\count283
\Gm@cntv=\count284
\c@Gm@tempcnt=\count285
\Gm@bindingoffset=\dimen149
\Gm@wd@mp=\dimen150
\Gm@odd@mp=\dimen151
\Gm@even@mp=\dimen152
\Gm@layoutwidth=\dimen153
\Gm@layoutheight=\dimen154
\Gm@layouthoffset=\dimen155
\Gm@layoutvoffset=\dimen156
\Gm@dimlist=\toks18
(C:\Users\agautier\AppData\Roaming\MiKTeX\tex/latex/geometry\geometry.cfg)) (C:
\Program Files\MiKTeX\tex/latex/amsmath\amsmath.sty
Package: amsmath 2025/07/09 v2.17z AMS math features
\@mathmargin=\skip51
For additional information on amsmath, use the `?' option.
(C:\Program Files\MiKTeX\tex/latex/amsmath\amstext.sty
Package: amstext 2024/11/17 v2.01 AMS text
(C:\Program Files\MiKTeX\tex/latex/amsmath\amsgen.sty
File: amsgen.sty 1999/11/30 v2.0 generic functions
\@emptytoks=\toks19
\ex@=\dimen157
)) (C:\Program Files\MiKTeX\tex/latex/amsmath\amsbsy.sty
Package: amsbsy 1999/11/29 v1.2d Bold Symbols
\pmbraise@=\dimen158
) (C:\Program Files\MiKTeX\tex/latex/amsmath\amsopn.sty
Package: amsopn 2022/04/08 v2.04 operator names
)
\inf@bad=\count286
LaTeX Info: Redefining \frac on input line 233.
\uproot@=\count287
\leftroot@=\count288
LaTeX Info: Redefining \overline on input line 398.
LaTeX Info: Redefining \colon on input line 409.
\classnum@=\count289
\DOTSCASE@=\count290
LaTeX Info: Redefining \ldots on input line 495.
LaTeX Info: Redefining \dots on input line 498.
LaTeX Info: Redefining \cdots on input line 619.
\Mathstrutbox@=\box53
\strutbox@=\box54
LaTeX Info: Redefining \big on input line 721.
LaTeX Info: Redefining \Big on input line 722.
LaTeX Info: Redefining \bigg on input line 723.
LaTeX Info: Redefining \Bigg on input line 724.
\big@size=\dimen159
LaTeX Font Info:    Redeclaring font encoding OML on input line 742.
LaTeX Font Info:    Redeclaring font encoding OMS on input line 743.
\macc@depth=\count291
LaTeX Info: Redefining \bmod on input line 904.
LaTeX Info: Redefining \pmod on input line 909.
LaTeX Info: Redefining \smash on input line 939.
LaTeX Info: Redefining \relbar on input line 969.
LaTeX Info: Redefining \Relbar on input line 970.
\c@MaxMatrixCols=\count292
\dotsspace@=\muskip17
\c@parentequation=\count293
\dspbrk@lvl=\count294
\tag@help=\toks20
\row@=\count295
\column@=\count296
\maxfields@=\count297
\andhelp@=\toks21
\eqnshift@=\dimen160
\alignsep@=\dimen161
\tagshift@=\dimen162
\tagwidth@=\dimen163
\totwidth@=\dimen164
\lineht@=\dimen165
\@envbody=\toks22
\multlinegap=\skip52
\multlinetaggap=\skip53
\mathdisplay@stack=\toks23
LaTeX Info: Redefining \[ on input line 2950.
LaTeX Info: Redefining \] on input line 2951.
) (C:\Program Files\MiKTeX\tex/latex/amsfonts\amssymb.sty
Package: amssymb 2013/01/14 v3.01 AMS font symbols
(C:\Program Files\MiKTeX\tex/latex/amsfonts\amsfonts.sty
Package: amsfonts 2013/01/14 v3.01 Basic AMSFonts support
\symAMSa=\mathgroup4
\symAMSb=\mathgroup5
LaTeX Font Info:    Redeclaring math symbol \hbar on input line 98.
LaTeX Font Info:    Overwriting math alphabet `\mathfrak' in version `bold'
(Font)                  U/euf/m/n --> U/euf/b/n on input line 106.
)) (C:\Program Files\MiKTeX\tex/latex/base\fontenc.sty
Package: fontenc 2025/07/18 v2.1d Standard LaTeX package
) (C:\Program Files\MiKTeX\tex/latex/base\inputenc.sty
Package: inputenc 2024/02/08 v1.3d Input encoding file
\inpenc@prehook=\toks24
\inpenc@posthook=\toks25
) (C:\Program Files\MiKTeX\tex/latex/base\textcomp.sty
Package: textcomp 2024/04/24 v2.1b Standard LaTeX package
) (C:\Program Files\MiKTeX\tex/latex/lm\lmodern.sty
Package: lmodern 2015/05/01 v1.6.1 Latin Modern Fonts
LaTeX Font Info:    Overwriting symbol font `operators' in version `normal'
(Font)                  OT1/cmr/m/n --> OT1/lmr/m/n on input line 22.
LaTeX Font Info:    Overwriting symbol font `letters' in version `normal'
(Font)                  OML/cmm/m/it --> OML/lmm/m/it on input line 23.
LaTeX Font Info:    Overwriting symbol font `symbols' in version `normal'
(Font)                  OMS/cmsy/m/n --> OMS/lmsy/m/n on input line 24.
LaTeX Font Info:    Overwriting symbol font `largesymbols' in version `normal'
(Font)                  OMX/cmex/m/n --> OMX/lmex/m/n on input line 25.
LaTeX Font Info:    Overwriting symbol font `operators' in version `bold'
(Font)                  OT1/cmr/bx/n --> OT1/lmr/bx/n on input line 26.
LaTeX Font Info:    Overwriting symbol font `letters' in version `bold'
(Font)                  OML/cmm/b/it --> OML/lmm/b/it on input line 27.
LaTeX Font Info:    Overwriting symbol font `symbols' in version `bold'
(Font)                  OMS/cmsy/b/n --> OMS/lmsy/b/n on input line 28.
LaTeX Font Info:    Overwriting symbol font `largesymbols' in version `bold'
(Font)                  OMX/cmex/m/n --> OMX/lmex/m/n on input line 29.
LaTeX Font Info:    Overwriting math alphabet `\mathbf' in version `normal'
(Font)                  OT1/cmr/bx/n --> OT1/lmr/bx/n on input line 31.
LaTeX Font Info:    Overwriting math alphabet `\mathsf' in version `normal'
(Font)                  OT1/cmss/m/n --> OT1/lmss/m/n on input line 32.
LaTeX Font Info:    Overwriting math alphabet `\mathit' in version `normal'
(Font)                  OT1/cmr/m/it --> OT1/lmr/m/it on input line 33.
LaTeX Font Info:    Overwriting math alphabet `\mathtt' in version `normal'
(Font)                  OT1/cmtt/m/n --> OT1/lmtt/m/n on input line 34.
LaTeX Font Info:    Overwriting math alphabet `\mathbf' in version `bold'
(Font)                  OT1/cmr/bx/n --> OT1/lmr/bx/n on input line 35.
LaTeX Font Info:    Overwriting math alphabet `\mathsf' in version `bold'
(Font)                  OT1/cmss/bx/n --> OT1/lmss/bx/n on input line 36.
LaTeX Font Info:    Overwriting math alphabet `\mathit' in version `bold'
(Font)                  OT1/cmr/bx/it --> OT1/lmr/bx/it on input line 37.
LaTeX Font Info:    Overwriting math alphabet `\mathtt' in version `bold'
(Font)                  OT1/cmtt/m/n --> OT1/lmtt/m/n on input line 38.
) (C:\Users\agautier\AppData\Roaming\MiKTeX\tex/latex/upquote\upquote.sty
Package: upquote 2012/04/19 v1.3 upright-quote and grave-accent glyphs in verba
tim
) (C:\Users\agautier\AppData\Roaming\MiKTeX\tex/latex/microtype\microtype.sty
Package: microtype 2025/07/09 v3.2b Micro-typographical refinements (RS)
(C:\Program Files\MiKTeX\tex/latex/etoolbox\etoolbox.sty
Package: etoolbox 2025/10/02 v2.5m e-TeX tools for LaTeX (JAW)
\etb@tempcnta=\count298
)
\MT@toks=\toks26
\MT@tempbox=\box55
\MT@count=\count299
LaTeX Info: Redefining \noprotrusionifhmode on input line 1087.
LaTeX Info: Redefining \leftprotrusion on input line 1088.
\MT@prot@toks=\toks27
LaTeX Info: Redefining \rightprotrusion on input line 1107.
LaTeX Info: Redefining \textls on input line 1449.
\MT@outer@kern=\dimen166
LaTeX Info: Redefining \microtypecontext on input line 2053.
LaTeX Info: Redefining \textmicrotypecontext on input line 2070.
\MT@listname@count=\count300

(C:\Users\agautier\AppData\Roaming\MiKTeX\tex/latex/microtype\microtype-pdftex.
def
File: microtype-pdftex.def 2025/07/09 v3.2b Definitions specific to pdftex (RS)

LaTeX Info: Redefining \lsstyle on input line 944.
LaTeX Info: Redefining \lslig on input line 944.
\MT@outer@space=\skip54
)
Package microtype Info: Loading configuration file microtype.cfg.
(C:\Users\agautier\AppData\Roaming\MiKTeX\tex/latex/microtype\microtype.cfg
File: microtype.cfg 2025/07/09 v3.2b microtype main configuration file (RS)
)
LaTeX Info: Redefining \microtypesetup on input line 3065.
) (C:\Users\agautier\AppData\Roaming\MiKTeX\tex/latex/parskip\parskip.sty
Package: parskip 2021-03-14 v2.0h non-zero parskip adjustments
(C:\Users\agautier\AppData\Roaming\MiKTeX\tex/latex/kvoptions\kvoptions.sty
Package: kvoptions 2022-06-15 v3.15 Key value format for package options (HO)
(C:\Users\agautier\AppData\Roaming\MiKTeX\tex/generic/ltxcmds\ltxcmds.sty
Package: ltxcmds 2023-12-04 v1.26 LaTeX kernel commands for general use (HO)
) (C:\Users\agautier\AppData\Roaming\MiKTeX\tex/latex/kvsetkeys\kvsetkeys.sty
Package: kvsetkeys 2022-10-05 v1.19 Key value parser (HO)
))) (C:\Program Files\MiKTeX\tex/latex/tools\longtable.sty
Package: longtable 2025-10-13 v4.24 Multi-page Table package (DPC)
\LTleft=\skip55
\LTright=\skip56
\LTpre=\skip57
\LTpost=\skip58
\LTchunksize=\count301
\LTcapwidth=\dimen167
\LT@head=\box56
\LT@firsthead=\box57
\LT@foot=\box58
\LT@lastfoot=\box59
\LT@gbox=\box60
\LT@cols=\count302
\LT@rows=\count303
\c@LT@tables=\count304
\c@LT@chunks=\count305
\LT@p@ftn=\toks28
) (C:\Users\agautier\AppData\Roaming\MiKTeX\tex/latex/booktabs\booktabs.sty
Package: booktabs 2020/01/12 v1.61803398 Publication quality tables
\heavyrulewidth=\dimen168
\lightrulewidth=\dimen169
\cmidrulewidth=\dimen170
\belowrulesep=\dimen171
\belowbottomsep=\dimen172
\aboverulesep=\dimen173
\abovetopsep=\dimen174
\cmidrulesep=\dimen175
\cmidrulekern=\dimen176
\defaultaddspace=\dimen177
\@cmidla=\count306
\@cmidlb=\count307
\@aboverulesep=\dimen178
\@belowrulesep=\dimen179
\@thisruleclass=\count308
\@lastruleclass=\count309
\@thisrulewidth=\dimen180
) (C:\Program Files\MiKTeX\tex/latex/tools\array.sty
Package: array 2025/09/25 v2.6n Tabular extension package (FMi)
\col@sep=\dimen181
\ar@mcellbox=\box61
\extrarowheight=\dimen182
\NC@list=\toks29
\extratabsurround=\skip59
\backup@length=\skip60
\ar@cellbox=\box62
)
\c@none=\count310
(C:\Program Files\MiKTeX\tex/latex/tools\calc.sty
Package: calc 2025/03/01 v4.3b Infix arithmetic (KKT,FJ)
\calc@Acount=\count311
\calc@Bcount=\count312
\calc@Adimen=\dimen183
\calc@Bdimen=\dimen184
\calc@Askip=\skip61
\calc@Bskip=\skip62
LaTeX Info: Redefining \setlength on input line 86.
LaTeX Info: Redefining \addtolength on input line 87.
\calc@Ccount=\count313
\calc@Cskip=\skip63
)
(C:\Users\agautier\AppData\Roaming\MiKTeX\tex/latex/footnotehyper\footnotehyper
.sty
Package: footnotehyper 2025/11/15 v1.1f hyperref aware footnote.sty (JFB)
\FNH@notes=\box63
\FNH@width=\dimen185
\FNH@toks=\toks30
) (C:\Program Files\MiKTeX\tex/latex/graphics\graphicx.sty
Package: graphicx 2024/12/31 v1.2e Enhanced LaTeX Graphics (DPC,SPQR)
(C:\Program Files\MiKTeX\tex/latex/graphics\graphics.sty
Package: graphics 2024/08/06 v1.4g Standard LaTeX Graphics (DPC,SPQR)
(C:\Program Files\MiKTeX\tex/latex/graphics\trig.sty
Package: trig 2023/12/02 v1.11 sin cos tan (DPC)
) (C:\Program Files\MiKTeX\tex/latex/graphics-cfg\graphics.cfg
File: graphics.cfg 2016/06/04 v1.11 sample graphics configuration
)
Package graphics Info: Driver file: pdftex.def on input line 106.
)
\Gin@req@height=\dimen186
\Gin@req@width=\dimen187
)
\pandoc@box=\box64
(C:\Users\agautier\AppData\Roaming\MiKTeX\tex/latex/natbib\natbib.sty
Package: natbib 2010/09/13 8.31b (PWD, AO)
\bibhang=\skip64
\bibsep=\skip65
LaTeX Info: Redefining \cite on input line 694.
\c@NAT@ctr=\count314
) (C:\Users\agautier\AppData\Roaming\MiKTeX\tex/latex/float\float.sty
Package: float 2001/11/08 v1.3d Float enhancements (AL)
\c@float@type=\count315
\float@exts=\toks31
\float@box=\box65
\@float@everytoks=\toks32
\@floatcapt=\box66
) (C:\Users\agautier\AppData\Roaming\MiKTeX\tex/latex/bookmark\bookmark.sty
Package: bookmark 2023-12-10 v1.31 PDF bookmarks (HO)
(C:\Program Files\MiKTeX\tex/latex/hyperref\hyperref.sty
Package: hyperref 2026-01-29 v7.01p Hypertext links for LaTeX

(C:\Users\agautier\AppData\Roaming\MiKTeX\tex/generic/kvdefinekeys\kvdefinekeys
.sty
Package: kvdefinekeys 2019-12-19 v1.6 Define keys (HO)
) (C:\Users\agautier\AppData\Roaming\MiKTeX\tex/generic/pdfescape\pdfescape.sty
Package: pdfescape 2019/12/09 v1.15 Implements pdfTeX's escape features (HO)
(C:\Program Files\MiKTeX\tex/generic/pdftexcmds\pdftexcmds.sty
Package: pdftexcmds 2020-06-27 v0.33 Utility functions of pdfTeX for LuaTeX (HO
)
(C:\Users\agautier\AppData\Roaming\MiKTeX\tex/generic/infwarerr\infwarerr.sty
Package: infwarerr 2019/12/03 v1.5 Providing info/warning/error messages (HO)
)
Package pdftexcmds Info: \pdf@primitive is available.
Package pdftexcmds Info: \pdf@ifprimitive is available.
Package pdftexcmds Info: \pdfdraftmode found.
)) (C:\Users\agautier\AppData\Roaming\MiKTeX\tex/latex/hycolor\hycolor.sty
Package: hycolor 2020-01-27 v1.10 Color options for hyperref/bookmark (HO)
) (C:\Program Files\MiKTeX\tex/latex/hyperref\nameref.sty
Package: nameref 2026-01-29 v2.58 Cross-referencing by name of section
(C:\Users\agautier\AppData\Roaming\MiKTeX\tex/latex/refcount\refcount.sty
Package: refcount 2019/12/15 v3.6 Data extraction from label references (HO)
)
(C:\Users\agautier\AppData\Roaming\MiKTeX\tex/generic/gettitlestring\gettitlest
ring.sty
Package: gettitlestring 2019/12/15 v1.6 Cleanup title references (HO)
)
\c@section@level=\count316
) (C:\Users\agautier\AppData\Roaming\MiKTeX\tex/generic/stringenc\stringenc.sty
Package: stringenc 2019/11/29 v1.12 Convert strings between diff. encodings (HO
)
)
\@linkdim=\dimen188
\Hy@linkcounter=\count317
\Hy@pagecounter=\count318
(C:\Program Files\MiKTeX\tex/latex/hyperref\pd1enc.def
File: pd1enc.def 2026-01-29 v7.01p Hyperref: PDFDocEncoding definition (HO)
Now handling font encoding PD1 ...
... no UTF-8 mapping file for font encoding PD1
) (C:\Users\agautier\AppData\Roaming\MiKTeX\tex/generic/intcalc\intcalc.sty
Package: intcalc 2019/12/15 v1.3 Expandable calculations with integers (HO)
)
\Hy@SavedSpaceFactor=\count319
(C:\Program Files\MiKTeX\tex/latex/hyperref\puenc.def
File: puenc.def 2026-01-29 v7.01p Hyperref: PDF Unicode definition (HO)
Now handling font encoding PU ...
... no UTF-8 mapping file for font encoding PU
)
Package hyperref Info: Option `unicode' set `true' on input line 4072.
Package hyperref Info: Hyper figures OFF on input line 4201.
Package hyperref Info: Link nesting OFF on input line 4206.
Package hyperref Info: Hyper index ON on input line 4209.
Package hyperref Info: Plain pages OFF on input line 4216.
Package hyperref Info: Backreferencing OFF on input line 4221.
Package hyperref Info: Implicit mode ON; LaTeX internals redefined.
Package hyperref Info: Bookmarks ON on input line 4468.
\c@Hy@tempcnt=\count320
(C:\Program Files\MiKTeX\tex/latex/url\url.sty
\Urlmuskip=\muskip18
Package: url 2013/09/16  ver 3.4  Verb mode for urls, etc.
)
LaTeX Info: Redefining \url on input line 4807.
\XeTeXLinkMargin=\dimen189
(C:\Users\agautier\AppData\Roaming\MiKTeX\tex/generic/bitset\bitset.sty
Package: bitset 2019/12/09 v1.3 Handle bit-vector datatype (HO)

(C:\Users\agautier\AppData\Roaming\MiKTeX\tex/generic/bigintcalc\bigintcalc.sty
Package: bigintcalc 2019/12/15 v1.5 Expandable calculations on big integers (HO
)
))
\Fld@menulength=\count321
\Field@Width=\dimen190
\Fld@charsize=\dimen191
Package hyperref Info: Hyper figures OFF on input line 6084.
Package hyperref Info: Link nesting OFF on input line 6089.
Package hyperref Info: Hyper index ON on input line 6092.
Package hyperref Info: backreferencing OFF on input line 6099.
Package hyperref Info: Link coloring OFF on input line 6104.
Package hyperref Info: Link coloring with OCG OFF on input line 6109.
Package hyperref Info: PDF/A mode OFF on input line 6114.
\Hy@abspage=\count322
\c@Item=\count323
\c@Hfootnote=\count324
)
Package hyperref Info: Driver (autodetected): hpdftex.
(C:\Program Files\MiKTeX\tex/latex/hyperref\hpdftex.def
File: hpdftex.def 2026-01-29 v7.01p Hyperref driver for pdfTeX
\Fld@listcount=\count325
\c@bookmark@seq@number=\count326

(C:\Users\agautier\AppData\Roaming\MiKTeX\tex/latex/rerunfilecheck\rerunfileche
ck.sty
Package: rerunfilecheck 2025-06-21 v1.11 Rerun checks for auxiliary files (HO)

(C:\Users\agautier\AppData\Roaming\MiKTeX\tex/generic/uniquecounter\uniquecount
er.sty
Package: uniquecounter 2019/12/15 v1.4 Provide unlimited unique counter (HO)
)
Package uniquecounter Info: New unique counter `rerunfilecheck' on input line 2
84.
)
\Hy@SectionHShift=\skip66
) (C:\Users\agautier\AppData\Roaming\MiKTeX\tex/latex/bookmark\bkm-pdftex.def
File: bkm-pdftex.def 2023-12-10 v1.31 bookmark driver for pdfTeX and luaTeX (HO
)
\BKM@id=\count327
)) (C:\Users\agautier\AppData\Roaming\MiKTeX\tex/latex/xurl\xurl.sty
Package: xurl 2022/01/09 v 0.10 modify URL breaks
)
LaTeX Font Info:    Trying to load font information for T1+lmr on input line 85
.
(C:\Program Files\MiKTeX\tex/latex/lm\t1lmr.fd
File: t1lmr.fd 2015/05/01 v1.6.1 Font defs for Latin Modern
) (C:\Program Files\MiKTeX\tex/latex/l3backend\l3backend-pdftex.def
File: l3backend-pdftex.def 2025-10-09 L3 backend support: PDF output (pdfTeX)
\l__color_backend_stack_int=\count328
) (IntroductionSLGP.aux)
\openout1 = `IntroductionSLGP.aux'.

LaTeX Font Info:    Checking defaults for OML/cmm/m/it on input line 85.
LaTeX Font Info:    ... okay on input line 85.
LaTeX Font Info:    Checking defaults for OMS/cmsy/m/n on input line 85.
LaTeX Font Info:    ... okay on input line 85.
LaTeX Font Info:    Checking defaults for OT1/cmr/m/n on input line 85.
LaTeX Font Info:    ... okay on input line 85.
LaTeX Font Info:    Checking defaults for T1/cmr/m/n on input line 85.
LaTeX Font Info:    ... okay on input line 85.
LaTeX Font Info:    Checking defaults for TS1/cmr/m/n on input line 85.
LaTeX Font Info:    ... okay on input line 85.
LaTeX Font Info:    Checking defaults for OMX/cmex/m/n on input line 85.
LaTeX Font Info:    ... okay on input line 85.
LaTeX Font Info:    Checking defaults for U/cmr/m/n on input line 85.
LaTeX Font Info:    ... okay on input line 85.
LaTeX Font Info:    Checking defaults for PD1/pdf/m/n on input line 85.
LaTeX Font Info:    ... okay on input line 85.
LaTeX Font Info:    Checking defaults for PU/pdf/m/n on input line 85.
LaTeX Font Info:    ... okay on input line 85.
(C:\Program Files\MiKTeX\tex/context/base/mkii\supp-pdf.mkii
[Loading MPS to PDF converter (version 2006.09.02).]
\scratchcounter=\count329
\scratchdimen=\dimen192
\scratchbox=\box67
\nofMPsegments=\count330
\nofMParguments=\count331
\everyMPshowfont=\toks33
\MPscratchCnt=\count332
\MPscratchDim=\dimen193
\MPnumerator=\count333
\makeMPintoPDFobject=\count334
\everyMPtoPDFconversion=\toks34
) (C:\Program Files\MiKTeX\tex/latex/epstopdf-pkg\epstopdf-base.sty
Package: epstopdf-base 2020-01-24 v2.11 Base part for package epstopdf
Package epstopdf-base Info: Redefining graphics rule for `.eps' on input line 4
85.
(C:\Program Files\MiKTeX\tex/latex/00miktex\epstopdf-sys.cfg
File: epstopdf-sys.cfg 2021/03/18 v2.0 Configuration of epstopdf for MiKTeX
))
*geometry* driver: auto-detecting
*geometry* detected driver: pdftex
*geometry* verbose mode - [ preamble ] result:
* driver: pdftex
* paper: <default>
* layout: <same size as paper>
* layoutoffset:(h,v)=(0.0pt,0.0pt)
* modes: 
* h-part:(L,W,R)=(72.26999pt, 469.75502pt, 72.26999pt)
* v-part:(T,H,B)=(72.26999pt, 650.43001pt, 72.26999pt)
* \paperwidth=614.295pt
* \paperheight=794.96999pt
* \textwidth=469.75502pt
* \textheight=650.43001pt
* \oddsidemargin=0.0pt
* \evensidemargin=0.0pt
* \topmargin=-37.0pt
* \headheight=12.0pt
* \headsep=25.0pt
* \topskip=10.0pt
* \footskip=30.0pt
* \marginparwidth=65.0pt
* \marginparsep=11.0pt
* \columnsep=10.0pt
* \skip\footins=9.0pt plus 4.0pt minus 2.0pt
* \hoffset=0.0pt
* \voffset=0.0pt
* \mag=1000
* \@twocolumnfalse
* \@twosidefalse
* \@mparswitchfalse
* \@reversemarginfalse
* (1in=72.27pt=25.4mm, 1cm=28.453pt)

LaTeX Info: Redefining \microtypecontext on input line 85.
Package microtype Info: Applying patch `item' on input line 85.
Package microtype Info: Applying patch `toc' on input line 85.
Package microtype Info: Applying patch `eqnum' on input line 85.

Package microtype Warning: Unable to apply patch `footnote' on input line 85.

Package microtype Info: Applying patch `verbatim' on input line 85.
LaTeX Info: Redefining \microtypesetup on input line 85.
Package microtype Info: Generating PDF output.
Package microtype Info: Character protrusion enabled (level 2).
Package microtype Info: Using protrusion set `basicmath'.
Package microtype Info: Automatic font expansion enabled (level 2),
(microtype)             stretch: 20, shrink: 20, step: 1, non-selected.
Package microtype Info: Using default expansion set `alltext-nott'.
Package microtype Info: Patching command `\showhyphens'.
Package microtype Info: No adjustment of tracking.
Package microtype Info: No adjustment of interword spacing.
Package microtype Info: No adjustment of character kerning.
(C:\Users\agautier\AppData\Roaming\MiKTeX\tex/latex/microtype\mt-cmr.cfg
File: mt-cmr.cfg 2013/05/19 v2.2 microtype config. file: Computer Modern Roman 
(RS)
)
Package hyperref Info: Link coloring OFF on input line 85.
LaTeX Font Info:    Trying to load font information for OT1+lmr on input line 8
7.
(C:\Program Files\MiKTeX\tex/latex/lm\ot1lmr.fd
File: ot1lmr.fd 2015/05/01 v1.6.1 Font defs for Latin Modern
)
LaTeX Font Info:    Trying to load font information for OML+lmm on input line 8
7.
(C:\Program Files\MiKTeX\tex/latex/lm\omllmm.fd
File: omllmm.fd 2015/05/01 v1.6.1 Font defs for Latin Modern
)
LaTeX Font Info:    Trying to load font information for OMS+lmsy on input line 
87.
(C:\Program Files\MiKTeX\tex/latex/lm\omslmsy.fd
File: omslmsy.fd 2015/05/01 v1.6.1 Font defs for Latin Modern
)
LaTeX Font Info:    Trying to load font information for OMX+lmex on input line 
87.
(C:\Program Files\MiKTeX\tex/latex/lm\omxlmex.fd
File: omxlmex.fd 2015/05/01 v1.6.1 Font defs for Latin Modern
)
LaTeX Font Info:    External font `lmex10' loaded for size
(Font)              <12> on input line 87.
LaTeX Font Info:    External font `lmex10' loaded for size
(Font)              <8> on input line 87.
LaTeX Font Info:    External font `lmex10' loaded for size
(Font)              <6> on input line 87.
LaTeX Font Info:    Trying to load font information for U+msa on input line 87.

(C:\Program Files\MiKTeX\tex/latex/amsfonts\umsa.fd
File: umsa.fd 2013/01/14 v3.01 AMS symbols A
) (C:\Users\agautier\AppData\Roaming\MiKTeX\tex/latex/microtype\mt-msa.cfg
File: mt-msa.cfg 2006/02/04 v1.1 microtype config. file: AMS symbols (a) (RS)
)
LaTeX Font Info:    Trying to load font information for U+msb on input line 87.

(C:\Program Files\MiKTeX\tex/latex/amsfonts\umsb.fd
File: umsb.fd 2013/01/14 v3.01 AMS symbols B
) (C:\Users\agautier\AppData\Roaming\MiKTeX\tex/latex/microtype\mt-msb.cfg
File: mt-msb.cfg 2005/06/01 v1.0 microtype config. file: AMS symbols (b) (RS)
)
LaTeX Font Info:    Trying to load font information for T1+lmtt on input line 9
1.
(C:\Program Files\MiKTeX\tex/latex/lm\t1lmtt.fd
File: t1lmtt.fd 2015/05/01 v1.6.1 Font defs for Latin Modern
)
LaTeX Font Info:    Trying to load font information for TS1+lmtt on input line 
148.
(C:\Program Files\MiKTeX\tex/latex/lm\ts1lmtt.fd
File: ts1lmtt.fd 2015/05/01 v1.6.1 Font defs for Latin Modern
) [1

{C:/Users/agautier/AppData/Local/MiKTeX/fonts/map/pdftex/pdftex.map}{C:/Program
 Files/MiKTeX/fonts/enc/dvips/lm/lm-ec.enc}{C:/Program Files/MiKTeX/fonts/enc/d
vips/lm/lm-ts1.enc}]
Overfull \hbox (28.99353pt too wide) in paragraph at lines 210--210
[]\T1/lmtt/m/n/10 +    mutate(long_bin = cut(long, breaks = seq(165, 190, by = 
2.5), include.lowest = FALSE)) %>%[] 
 []


Overfull \hbox (23.74355pt too wide) in paragraph at lines 210--210
[]\T1/lmtt/m/n/10 R> range_response <- c(40, 680) # Can use range(df$depth), or
 user defined range as we do here[] 
 []

[2]
<IntroductionSLGP_files/figure-latex/figureQuakes-1.pdf, id=31, 722.7pt x 289.0
8pt>
File: IntroductionSLGP_files/figure-latex/figureQuakes-1.pdf Graphic file (type
 pdf)
<use IntroductionSLGP_files/figure-latex/figureQuakes-1.pdf>
Package pdftex.def Info: IntroductionSLGP_files/figure-latex/figureQuakes-1.pdf
  used on input line 214.
(pdftex.def)             Requested size: 469.75502pt x 187.90417pt.
[3 <./IntroductionSLGP_files/figure-latex/figureQuakes-1.pdf>] [4]
LaTeX Font Info:    Trying to load font information for TS1+lmr on input line 2
92.
(C:\Program Files\MiKTeX\tex/latex/lm\ts1lmr.fd
File: ts1lmr.fd 2015/05/01 v1.6.1 Font defs for Latin Modern
)
<IntroductionSLGP_files/figure-latex/SLGPplottingPrior1-1.pdf, id=52, 722.7pt x
 361.35pt>
File: IntroductionSLGP_files/figure-latex/SLGPplottingPrior1-1.pdf Graphic file
 (type pdf)
<use IntroductionSLGP_files/figure-latex/SLGPplottingPrior1-1.pdf>
Package pdftex.def Info: IntroductionSLGP_files/figure-latex/SLGPplottingPrior1
-1.pdf  used on input line 309.
(pdftex.def)             Requested size: 469.75502pt x 234.88023pt.
[5 <./IntroductionSLGP_files/figure-latex/SLGPplottingPrior1-1.pdf>]
Overfull \hbox (34.24352pt too wide) in paragraph at lines 359--359
[]\T1/lmtt/m/n/10 +    labs(title = "Prior SLGP samples of conditional depth de
nsities, visualised across slices",[] 
 []

<IntroductionSLGP_files/figure-latex/SLGPplottingPrior2-1.pdf, id=66, 722.7pt x
 361.35pt>
File: IntroductionSLGP_files/figure-latex/SLGPplottingPrior2-1.pdf Graphic file
 (type pdf)
<use IntroductionSLGP_files/figure-latex/SLGPplottingPrior2-1.pdf>
Package pdftex.def Info: IntroductionSLGP_files/figure-latex/SLGPplottingPrior2
-1.pdf  used on input line 363.
(pdftex.def)             Requested size: 469.75502pt x 234.88023pt.
[6] [7 <./IntroductionSLGP_files/figure-latex/SLGPplottingPrior2-1.pdf>]
Overfull \hbox (23.74355pt too wide) in paragraph at lines 428--428
[]\T1/lmtt/m/n/10 +                              ifelse(predPrior$long==selecte
d_values[2], names[2], names[3]))[] 
 []


Overfull \hbox (118.24327pt too wide) in paragraph at lines 428--428
[]\T1/lmtt/m/n/10 +         title = "Binned \TS1/lmtt/m/n/10 '\T1/lmtt/m/n/10 d
epth\TS1/lmtt/m/n/10 ' \T1/lmtt/m/n/10 histograms by \TS1/lmtt/m/n/10 '\T1/lmtt
/m/n/10 long\TS1/lmtt/m/n/10 ' \T1/lmtt/m/n/10 (width = 1) VS three SLGP prior 
draws at bins centers") +[] 
 []

<IntroductionSLGP_files/figure-latex/SLGPplottingPrior2hist-1.pdf, id=87, 722.7
pt x 289.08pt>
File: IntroductionSLGP_files/figure-latex/SLGPplottingPrior2hist-1.pdf Graphic 
file (type pdf)
<use IntroductionSLGP_files/figure-latex/SLGPplottingPrior2hist-1.pdf>
Package pdftex.def Info: IntroductionSLGP_files/figure-latex/SLGPplottingPrior2
hist-1.pdf  used on input line 432.
(pdftex.def)             Requested size: 469.75502pt x 187.90417pt.
[8 <./IntroductionSLGP_files/figure-latex/SLGPplottingPrior2hist-1.pdf>]
LaTeX Font Info:    External font `lmex10' loaded for size
(Font)              <10> on input line 452.
LaTeX Font Info:    External font `lmex10' loaded for size
(Font)              <7> on input line 452.
LaTeX Font Info:    External font `lmex10' loaded for size
(Font)              <5> on input line 452.

Overfull \hbox (7.99359pt too wide) in paragraph at lines 476--476
[]\T1/lmtt/m/n/10 +                                 list(opts_BasisFun = list(n
Freq = 200, MatParam = 1/2))))[] 
 []


Overfull \hbox (7.99359pt too wide) in paragraph at lines 476--476
[]\T1/lmtt/m/n/10 +                                 list(opts_BasisFun = list(n
Freq = 200, MatParam = 3/2))))[] 
 []


Overfull \hbox (7.99359pt too wide) in paragraph at lines 476--476
[]\T1/lmtt/m/n/10 +                                 list(opts_BasisFun = list(n
Freq = 200, MatParam = Inf))))[] 
 []


Overfull \hbox (7.99359pt too wide) in paragraph at lines 514--514
[]\T1/lmtt/m/n/10 R> predPrior$Kernel <- factor(c("Exponential", "Matérn 3/2", 
"Gaussian")[predPrior$Kernel],[] 
 []

[9{C:/Program Files/MiKTeX/fonts/enc/dvips/lm/lm-mathit.enc}]
<IntroductionSLGP_files/figure-latex/SLGPplottingOtherPrior1-1.pdf, id=108, 722
.7pt x 361.35pt>
File: IntroductionSLGP_files/figure-latex/SLGPplottingOtherPrior1-1.pdf Graphic
 file (type pdf)
<use IntroductionSLGP_files/figure-latex/SLGPplottingOtherPrior1-1.pdf>
Package pdftex.def Info: IntroductionSLGP_files/figure-latex/SLGPplottingOtherP
rior1-1.pdf  used on input line 518.
(pdftex.def)             Requested size: 469.75502pt x 234.88023pt.
[10 <./IntroductionSLGP_files/figure-latex/SLGPplottingOtherPrior1-1.pdf>]
<IntroductionSLGP_files/figure-latex/SLGPplotting0-1.pdf, id=125, 722.7pt x 361
.35pt>
File: IntroductionSLGP_files/figure-latex/SLGPplotting0-1.pdf Graphic file (typ
e pdf)
<use IntroductionSLGP_files/figure-latex/SLGPplotting0-1.pdf>
Package pdftex.def Info: IntroductionSLGP_files/figure-latex/SLGPplotting0-1.pd
f  used on input line 606.
(pdftex.def)             Requested size: 469.75502pt x 234.88023pt.
[11]
<IntroductionSLGP_files/figure-latex/SLGPplotting1-1.pdf, id=131, 433.62pt x 43
3.62pt>
File: IntroductionSLGP_files/figure-latex/SLGPplotting1-1.pdf Graphic file (typ
e pdf)
<use IntroductionSLGP_files/figure-latex/SLGPplotting1-1.pdf>
Package pdftex.def Info: IntroductionSLGP_files/figure-latex/SLGPplotting1-1.pd
f  used on input line 650.
(pdftex.def)             Requested size: 469.75502pt x 469.7781pt.
[12 <./IntroductionSLGP_files/figure-latex/SLGPplotting0-1.pdf>] [13 <./Introdu
ctionSLGP_files/figure-latex/SLGPplotting1-1.pdf>]
<IntroductionSLGP_files/figure-latex/SLGPplotting2-1.pdf, id=159, 722.7pt x 361
.35pt>
File: IntroductionSLGP_files/figure-latex/SLGPplotting2-1.pdf Graphic file (typ
e pdf)
<use IntroductionSLGP_files/figure-latex/SLGPplotting2-1.pdf>
Package pdftex.def Info: IntroductionSLGP_files/figure-latex/SLGPplotting2-1.pd
f  used on input line 689.
(pdftex.def)             Requested size: 469.75502pt x 234.88023pt.
[14 <./IntroductionSLGP_files/figure-latex/SLGPplotting2-1.pdf>]
Overfull \hbox (2.7436pt too wide) in paragraph at lines 751--751
[]\T1/lmtt/m/n/10 +                            ifelse(predMAP$long==selected_va
lues[2], names[2], names[3]))[] 
 []


Overfull \hbox (102.49332pt too wide) in paragraph at lines 751--751
[]\T1/lmtt/m/n/10 +         title = "Binned \TS1/lmtt/m/n/10 '\T1/lmtt/m/n/10 d
epth\TS1/lmtt/m/n/10 ' \T1/lmtt/m/n/10 histograms by \TS1/lmtt/m/n/10 '\T1/lmtt
/m/n/10 long\TS1/lmtt/m/n/10 ' \T1/lmtt/m/n/10 (width = 1) VS SLGP-MAP estimato
rs at bins centers") +[] 
 []

<IntroductionSLGP_files/figure-latex/SLGPplottingMAP-1.pdf, id=177, 722.7pt x 2
89.08pt>
File: IntroductionSLGP_files/figure-latex/SLGPplottingMAP-1.pdf Graphic file (t
ype pdf)
<use IntroductionSLGP_files/figure-latex/SLGPplottingMAP-1.pdf>
Package pdftex.def Info: IntroductionSLGP_files/figure-latex/SLGPplottingMAP-1.
pdf  used on input line 755.
(pdftex.def)             Requested size: 469.75502pt x 187.90417pt.
[15] [16 <./IntroductionSLGP_files/figure-latex/SLGPplottingMAP-1.pdf>] [17]
<IntroductionSLGP_files/figure-latex/optimlandscape-1.pdf, id=201, 722.7pt x 36
1.35pt>
File: IntroductionSLGP_files/figure-latex/optimlandscape-1.pdf Graphic file (ty
pe pdf)
<use IntroductionSLGP_files/figure-latex/optimlandscape-1.pdf>
Package pdftex.def Info: IntroductionSLGP_files/figure-latex/optimlandscape-1.p
df  used on input line 866.
(pdftex.def)             Requested size: 469.75502pt x 234.88023pt.
[18{C:/Program Files/MiKTeX/fonts/enc/dvips/lm/lm-rm.enc} <./IntroductionSLGP_f
iles/figure-latex/optimlandscape-1.pdf>]
Overfull \hbox (7.99359pt too wide) in paragraph at lines 914--914
[]\T1/lmtt/m/n/10 +                                        lengthscale=c(min_do
ne$l_depth, min_done$l_long)),[] 
 []

<IntroductionSLGP_files/figure-latex/plotRibbonsLen1-1.pdf, id=214, 722.7pt x 7
22.7pt>
File: IntroductionSLGP_files/figure-latex/plotRibbonsLen1-1.pdf Graphic file (t
ype pdf)
<use IntroductionSLGP_files/figure-latex/plotRibbonsLen1-1.pdf>
Package pdftex.def Info: IntroductionSLGP_files/figure-latex/plotRibbonsLen1-1.
pdf  used on input line 957.
(pdftex.def)             Requested size: 469.75502pt x 469.76045pt.
[19] [20 <./IntroductionSLGP_files/figure-latex/plotRibbonsLen1-1.pdf>]
Overfull \hbox (102.49332pt too wide) in paragraph at lines 1010--1010
[]\T1/lmtt/m/n/10 +         title = "Binned \TS1/lmtt/m/n/10 '\T1/lmtt/m/n/10 d
epth\TS1/lmtt/m/n/10 ' \T1/lmtt/m/n/10 histograms by \TS1/lmtt/m/n/10 '\T1/lmtt
/m/n/10 long\TS1/lmtt/m/n/10 ' \T1/lmtt/m/n/10 (width = 1) VS SLGP-MAP estimato
rs at bins centers") +[] 
 []

<IntroductionSLGP_files/figure-latex/plotRibbonsLen2-1.pdf, id=236, 722.7pt x 7
22.7pt>
File: IntroductionSLGP_files/figure-latex/plotRibbonsLen2-1.pdf Graphic file (t
ype pdf)
<use IntroductionSLGP_files/figure-latex/plotRibbonsLen2-1.pdf>
Package pdftex.def Info: IntroductionSLGP_files/figure-latex/plotRibbonsLen2-1.
pdf  used on input line 1014.
(pdftex.def)             Requested size: 469.75502pt x 469.76045pt.
[21] [22 <./IntroductionSLGP_files/figure-latex/plotRibbonsLen2-1.pdf>] [23]
<IntroductionSLGP_files/figure-latex/SLGPLaplaceplo0-1.pdf, id=260, 722.7pt x 3
61.35pt>
File: IntroductionSLGP_files/figure-latex/SLGPLaplaceplo0-1.pdf Graphic file (t
ype pdf)
<use IntroductionSLGP_files/figure-latex/SLGPLaplaceplo0-1.pdf>
Package pdftex.def Info: IntroductionSLGP_files/figure-latex/SLGPLaplaceplo0-1.
pdf  used on input line 1109.
(pdftex.def)             Requested size: 469.75502pt x 234.88023pt.
[24 <./IntroductionSLGP_files/figure-latex/SLGPLaplaceplo0-1.pdf>]
Overfull \hbox (123.49326pt too wide) in paragraph at lines 1180--1180
[]\T1/lmtt/m/n/10 +         title = "Binned \TS1/lmtt/m/n/10 '\T1/lmtt/m/n/10 d
epth\TS1/lmtt/m/n/10 ' \T1/lmtt/m/n/10 histograms by \TS1/lmtt/m/n/10 '\T1/lmtt
/m/n/10 long\TS1/lmtt/m/n/10 ' \T1/lmtt/m/n/10 (width = 1) VS SLGP-Laplace esti
mators at bins centers") +[] 
 []

<IntroductionSLGP_files/figure-latex/SLGPLaplaceplot-1.pdf, id=272, 578.16pt x 
289.08pt>
File: IntroductionSLGP_files/figure-latex/SLGPLaplaceplot-1.pdf Graphic file (t
ype pdf)
<use IntroductionSLGP_files/figure-latex/SLGPLaplaceplot-1.pdf>
Package pdftex.def Info: IntroductionSLGP_files/figure-latex/SLGPLaplaceplot-1.
pdf  used on input line 1184.
(pdftex.def)             Requested size: 469.75502pt x 234.8769pt.
[25] [26 <./IntroductionSLGP_files/figure-latex/SLGPLaplaceplot-1.pdf>]
<IntroductionSLGP_files/figure-latex/SLGPMCMCplot0-1.pdf, id=293, 722.7pt x 361
.35pt>
File: IntroductionSLGP_files/figure-latex/SLGPMCMCplot0-1.pdf Graphic file (typ
e pdf)
<use IntroductionSLGP_files/figure-latex/SLGPMCMCplot0-1.pdf>
Package pdftex.def Info: IntroductionSLGP_files/figure-latex/SLGPMCMCplot0-1.pd
f  used on input line 1240.
(pdftex.def)             Requested size: 469.75502pt x 234.88023pt.
[27 <./IntroductionSLGP_files/figure-latex/SLGPMCMCplot0-1.pdf>]
Overfull \hbox (107.7433pt too wide) in paragraph at lines 1286--1286
[]\T1/lmtt/m/n/10 +         title = "Binned \TS1/lmtt/m/n/10 '\T1/lmtt/m/n/10 d
epth\TS1/lmtt/m/n/10 ' \T1/lmtt/m/n/10 histograms by \TS1/lmtt/m/n/10 '\T1/lmtt
/m/n/10 long\TS1/lmtt/m/n/10 ' \T1/lmtt/m/n/10 (width = 1) VS SLGP-MCMC estimat
ors at bins centers") +[] 
 []

<IntroductionSLGP_files/figure-latex/SLGPMCMCplot-1.pdf, id=305, 578.16pt x 289
.08pt>
File: IntroductionSLGP_files/figure-latex/SLGPMCMCplot-1.pdf Graphic file (type
 pdf)
<use IntroductionSLGP_files/figure-latex/SLGPMCMCplot-1.pdf>
Package pdftex.def Info: IntroductionSLGP_files/figure-latex/SLGPMCMCplot-1.pdf
  used on input line 1290.
(pdftex.def)             Requested size: 469.75502pt x 234.8769pt.
[28 <./IntroductionSLGP_files/figure-latex/SLGPMCMCplot-1.pdf>]
<IntroductionSLGP_files/figure-latex/SLGPMCMCplotMoments-1.pdf, id=321, 722.7pt
 x 289.08pt>
File: IntroductionSLGP_files/figure-latex/SLGPMCMCplotMoments-1.pdf Graphic fil
e (type pdf)
<use IntroductionSLGP_files/figure-latex/SLGPMCMCplotMoments-1.pdf>
Package pdftex.def Info: IntroductionSLGP_files/figure-latex/SLGPMCMCplotMoment
s-1.pdf  used on input line 1357.
(pdftex.def)             Requested size: 469.75502pt x 187.90417pt.
[29] [30 <./IntroductionSLGP_files/figure-latex/SLGPMCMCplotMoments-1.pdf>] [31
]
<IntroductionSLGP_files/figure-latex/SLGPMAPplotQuantiles-1.pdf, id=344, 722.7p
t x 361.35pt>
File: IntroductionSLGP_files/figure-latex/SLGPMAPplotQuantiles-1.pdf Graphic fi
le (type pdf)
<use IntroductionSLGP_files/figure-latex/SLGPMAPplotQuantiles-1.pdf>
Package pdftex.def Info: IntroductionSLGP_files/figure-latex/SLGPMAPplotQuantil
es-1.pdf  used on input line 1466.
(pdftex.def)             Requested size: 465.06004pt x 232.53137pt.

Overfull \hbox (49.99347pt too wide) in paragraph at lines 1475--1475
[]\T1/lmtt/m/n/10 R> ggsave(p_with_marginals, file = "./Figures/QuantilesMAP2.p
df", width = 8, height = 5, scale=1.5)[] 
 []

[32 <./IntroductionSLGP_files/figure-latex/SLGPMAPplotQuantiles-1.pdf>]
<IntroductionSLGP_files/figure-latex/SLGPMCMCplotQuantiles2-1.pdf, id=358, 722.
7pt x 361.35pt>
File: IntroductionSLGP_files/figure-latex/SLGPMCMCplotQuantiles2-1.pdf Graphic 
file (type pdf)
<use IntroductionSLGP_files/figure-latex/SLGPMCMCplotQuantiles2-1.pdf>
Package pdftex.def Info: IntroductionSLGP_files/figure-latex/SLGPMCMCplotQuanti
les2-1.pdf  used on input line 1527.
(pdftex.def)             Requested size: 469.75502pt x 234.88023pt.
[33] [34 <./IntroductionSLGP_files/figure-latex/SLGPMCMCplotQuantiles2-1.pdf>] 
[35{C:/Program Files/MiKTeX/fonts/enc/dvips/lm/lm-mathex.enc}{C:/Program Files/
MiKTeX/fonts/enc/dvips/lm/lm-mathsy.enc}] [36] [37] [38] [39]
<IntroductionSLGP_files/figure-latex/PlotS1-1.pdf, id=411, 722.7pt x 578.16pt>
File: IntroductionSLGP_files/figure-latex/PlotS1-1.pdf Graphic file (type pdf)
<use IntroductionSLGP_files/figure-latex/PlotS1-1.pdf>
Package pdftex.def Info: IntroductionSLGP_files/figure-latex/PlotS1-1.pdf  used
 on input line 1871.
(pdftex.def)             Requested size: 465.06004pt x 372.05019pt.
[40 <./IntroductionSLGP_files/figure-latex/PlotS1-1.pdf>]
<IntroductionSLGP_files/figure-latex/PlotS2-1.pdf, id=427, 722.7pt x 578.16pt>
File: IntroductionSLGP_files/figure-latex/PlotS2-1.pdf Graphic file (type pdf)
<use IntroductionSLGP_files/figure-latex/PlotS2-1.pdf>
Package pdftex.def Info: IntroductionSLGP_files/figure-latex/PlotS2-1.pdf  used
 on input line 1888.
(pdftex.def)             Requested size: 465.06004pt x 372.05019pt.
[41 <./IntroductionSLGP_files/figure-latex/PlotS2-1.pdf>]
<IntroductionSLGP_files/figure-latex/PlotS3a-1.pdf, id=442, 722.7pt x 867.24pt>

File: IntroductionSLGP_files/figure-latex/PlotS3a-1.pdf Graphic file (type pdf)

<use IntroductionSLGP_files/figure-latex/PlotS3a-1.pdf>
Package pdftex.def Info: IntroductionSLGP_files/figure-latex/PlotS3a-1.pdf  use
d on input line 1923.
(pdftex.def)             Requested size: 465.06004pt x 558.0753pt.
[42]
<IntroductionSLGP_files/figure-latex/PlotS3b-1.pdf, id=448, 722.7pt x 867.24pt>

File: IntroductionSLGP_files/figure-latex/PlotS3b-1.pdf Graphic file (type pdf)

<use IntroductionSLGP_files/figure-latex/PlotS3b-1.pdf>
Package pdftex.def Info: IntroductionSLGP_files/figure-latex/PlotS3b-1.pdf  use
d on input line 1932.
(pdftex.def)             Requested size: 465.06004pt x 558.0753pt.
[43 <./IntroductionSLGP_files/figure-latex/PlotS3a-1.pdf>]
<IntroductionSLGP_files/figure-latex/PlotS3c-1.pdf, id=464, 722.7pt x 867.24pt>

File: IntroductionSLGP_files/figure-latex/PlotS3c-1.pdf Graphic file (type pdf)

<use IntroductionSLGP_files/figure-latex/PlotS3c-1.pdf>
Package pdftex.def Info: IntroductionSLGP_files/figure-latex/PlotS3c-1.pdf  use
d on input line 1941.
(pdftex.def)             Requested size: 465.06004pt x 558.0753pt.
[44 <./IntroductionSLGP_files/figure-latex/PlotS3b-1.pdf>]
<IntroductionSLGP_files/figure-latex/PlotS3d-1.pdf, id=479, 722.7pt x 867.24pt>

File: IntroductionSLGP_files/figure-latex/PlotS3d-1.pdf Graphic file (type pdf)

<use IntroductionSLGP_files/figure-latex/PlotS3d-1.pdf>
Package pdftex.def Info: IntroductionSLGP_files/figure-latex/PlotS3d-1.pdf  use
d on input line 1950.
(pdftex.def)             Requested size: 465.06004pt x 558.0753pt.
[45 <./IntroductionSLGP_files/figure-latex/PlotS3c-1.pdf>] [46 <./IntroductionS
LGP_files/figure-latex/PlotS3d-1.pdf>]
<IntroductionSLGP_files/figure-latex/PlotS3again-1.pdf, id=508, 722.7pt x 289.0
8pt>
File: IntroductionSLGP_files/figure-latex/PlotS3again-1.pdf Graphic file (type 
pdf)
<use IntroductionSLGP_files/figure-latex/PlotS3again-1.pdf>
Package pdftex.def Info: IntroductionSLGP_files/figure-latex/PlotS3again-1.pdf 
 used on input line 1965.
(pdftex.def)             Requested size: 465.06004pt x 186.02509pt.

ignored: Infinite glue shrinkage found in box being split [47 <./IntroductionSLGP_files/
figure-latex/PlotS3again-1.pdf>] [48] [49]
<IntroductionSLGP_files/figure-latex/timingScheme-1.pdf, id=536, 722.7pt x 252.
945pt>
File: IntroductionSLGP_files/figure-latex/timingScheme-1.pdf Graphic file (type
 pdf)
<use IntroductionSLGP_files/figure-latex/timingScheme-1.pdf>
Package pdftex.def Info: IntroductionSLGP_files/figure-latex/timingScheme-1.pdf
  used on input line 2126.
(pdftex.def)             Requested size: 469.75502pt x 164.41615pt.
[50 <./IntroductionSLGP_files/figure-latex/timingScheme-1.pdf>]
<IntroductionSLGP_files/figure-latex/timingMethod-1.pdf, id=550, 722.7pt x 252.
945pt>
File: IntroductionSLGP_files/figure-latex/timingMethod-1.pdf Graphic file (type
 pdf)
<use IntroductionSLGP_files/figure-latex/timingMethod-1.pdf>
Package pdftex.def Info: IntroductionSLGP_files/figure-latex/timingMethod-1.pdf
  used on input line 2199.
(pdftex.def)             Requested size: 469.75502pt x 164.41615pt.
[51 <./IntroductionSLGP_files/figure-latex/timingMethod-1.pdf>]
<IntroductionSLGP_files/figure-latex/timingRatio-1.pdf, id=565, 722.7pt x 252.9
45pt>
File: IntroductionSLGP_files/figure-latex/timingRatio-1.pdf Graphic file (type 
pdf)
<use IntroductionSLGP_files/figure-latex/timingRatio-1.pdf>
Package pdftex.def Info: IntroductionSLGP_files/figure-latex/timingRatio-1.pdf 
 used on input line 2238.
(pdftex.def)             Requested size: 469.75502pt x 164.41615pt.
[52 <./IntroductionSLGP_files/figure-latex/timingRatio-1.pdf>] [53]
<IntroductionSLGP_files/figure-latex/figureQuakesDiscrete-1.pdf, id=584, 722.7p
t x 252.945pt>
File: IntroductionSLGP_files/figure-latex/figureQuakesDiscrete-1.pdf Graphic fi
le (type pdf)
<use IntroductionSLGP_files/figure-latex/figureQuakesDiscrete-1.pdf>
Package pdftex.def Info: IntroductionSLGP_files/figure-latex/figureQuakesDiscre
te-1.pdf  used on input line 2342.
(pdftex.def)             Requested size: 465.06004pt x 162.77196pt.
[54] [55 <./IntroductionSLGP_files/figure-latex/figureQuakesDiscrete-1.pdf>]
<IntroductionSLGP_files/figure-latex/discreteTrendPrior-1.pdf, id=606, 722.7pt 
x 361.35pt>
File: IntroductionSLGP_files/figure-latex/discreteTrendPrior-1.pdf Graphic file
 (type pdf)
<use IntroductionSLGP_files/figure-latex/discreteTrendPrior-1.pdf>
Package pdftex.def Info: IntroductionSLGP_files/figure-latex/discreteTrendPrior
-1.pdf  used on input line 2398.
(pdftex.def)             Requested size: 465.06004pt x 232.53137pt.
<IntroductionSLGP_files/figure-latex/discreteTrendPrior-2.pdf, id=607, 722.7pt 
x 361.35pt>
File: IntroductionSLGP_files/figure-latex/discreteTrendPrior-2.pdf Graphic file
 (type pdf)
<use IntroductionSLGP_files/figure-latex/discreteTrendPrior-2.pdf>
Package pdftex.def Info: IntroductionSLGP_files/figure-latex/discreteTrendPrior
-2.pdf  used on input line 2411.
(pdftex.def)             Requested size: 465.06004pt x 232.53137pt.
[56 <./IntroductionSLGP_files/figure-latex/discreteTrendPrior-1.pdf> <./Introdu
ctionSLGP_files/figure-latex/discreteTrendPrior-2.pdf>]
<IntroductionSLGP_files/figure-latex/unnamed-chunk-11-1.pdf, id=626, 469.755pt 
x 325.215pt>
File: IntroductionSLGP_files/figure-latex/unnamed-chunk-11-1.pdf Graphic file (
type pdf)
<use IntroductionSLGP_files/figure-latex/unnamed-chunk-11-1.pdf>
Package pdftex.def Info: IntroductionSLGP_files/figure-latex/unnamed-chunk-11-1
.pdf  used on input line 2427.
(pdftex.def)             Requested size: 469.75502pt x 325.2142pt.
[57 <./IntroductionSLGP_files/figure-latex/unnamed-chunk-11-1.pdf>]
Overfull \hbox (2.7436pt too wide) in paragraph at lines 2483--2483
[]\T1/lmtt/m/n/10 +                            ifelse(predMAP$long==selected_va
lues[2], names[2], names[3]))[] 
 []


Overfull \hbox (86.74336pt too wide) in paragraph at lines 2483--2483
[]\T1/lmtt/m/n/10 +         title = "Binned \TS1/lmtt/m/n/10 '\T1/lmtt/m/n/10 m
ag\TS1/lmtt/m/n/10 ' \T1/lmtt/m/n/10 histograms by \TS1/lmtt/m/n/10 '\T1/lmtt/m
/n/10 long\TS1/lmtt/m/n/10 ' \T1/lmtt/m/n/10 (width = 2) VS SLGP-MAP estimators
 at bins centers")+[] 
 []

<IntroductionSLGP_files/figure-latex/SLGPplottingMAPdiscrete-1.pdf, id=638, 722
.7pt x 289.08pt>
File: IntroductionSLGP_files/figure-latex/SLGPplottingMAPdiscrete-1.pdf Graphic
 file (type pdf)
<use IntroductionSLGP_files/figure-latex/SLGPplottingMAPdiscrete-1.pdf>
Package pdftex.def Info: IntroductionSLGP_files/figure-latex/SLGPplottingMAPdis
crete-1.pdf  used on input line 2487.
(pdftex.def)             Requested size: 469.75502pt x 187.90417pt.
[58 <./IntroductionSLGP_files/figure-latex/SLGPplottingMAPdiscrete-1.pdf>]
Overfull \hbox (2.7436pt too wide) in paragraph at lines 2522--2522
[]\T1/lmtt/m/n/10 R> obs_freq <- as.numeric(table(factor(round(df$mag, 1), leve
ls = mag_levels))) / nrow(df)[] 
 []

<IntroductionSLGP_files/figure-latex/discreteCalib-1.pdf, id=653, 361.35pt x 25
9.97125pt>
File: IntroductionSLGP_files/figure-latex/discreteCalib-1.pdf Graphic file (typ
e pdf)
<use IntroductionSLGP_files/figure-latex/discreteCalib-1.pdf>
Package pdftex.def Info: IntroductionSLGP_files/figure-latex/discreteCalib-1.pd
f  used on input line 2526.
(pdftex.def)             Requested size: 281.85587pt x 202.78072pt.
[59 <./IntroductionSLGP_files/figure-latex/discreteCalib-1.pdf>]
Overfull \hbox (23.74355pt too wide) in paragraph at lines 2573--2573
[]\T1/lmtt/m/n/10 R> range_response <- c(40, 680) # Can use range(df$depth), or
 user defined range as we do here[] 
 []


Overfull \hbox (7.99359pt too wide) in paragraph at lines 2573--2573
[]\T1/lmtt/m/n/10 R> range_xlong <- c(165, 190) # Can use range(df$long), or us
er defined range as we do here[] 
 []


Overfull \hbox (2.7436pt too wide) in paragraph at lines 2573--2573
[]\T1/lmtt/m/n/10 R> range_xlat <- c(-40, -10) # Can use range(df$long), or use
r defined range as we do here[] 
 []

<IntroductionSLGP_files/figure-latex/figureQuakes2D-1.pdf, id=665, 722.7pt x 28
9.08pt>
File: IntroductionSLGP_files/figure-latex/figureQuakes2D-1.pdf Graphic file (ty
pe pdf)
<use IntroductionSLGP_files/figure-latex/figureQuakes2D-1.pdf>
Package pdftex.def Info: IntroductionSLGP_files/figure-latex/figureQuakes2D-1.p
df  used on input line 2577.
(pdftex.def)             Requested size: 465.06004pt x 186.02509pt.
[60 <./IntroductionSLGP_files/figure-latex/figureQuakes2D-1.pdf>] [61]
<IntroductionSLGP_files/figure-latex/SLGPfitting2DPIT-1.pdf, id=687, 650.43pt x
 259.97125pt>
File: IntroductionSLGP_files/figure-latex/SLGPfitting2DPIT-1.pdf Graphic file (
type pdf)
<use IntroductionSLGP_files/figure-latex/SLGPfitting2DPIT-1.pdf>
Package pdftex.def Info: IntroductionSLGP_files/figure-latex/SLGPfitting2DPIT-1
.pdf  used on input line 2673.
(pdftex.def)             Requested size: 446.26582pt x 178.37277pt.
[62]

LaTeX Warning: Reference `fig:quakes2Dbins' on page 63 undefined on input line 
2695.

[63 <./IntroductionSLGP_files/figure-latex/SLGPfitting2DPIT-1.pdf>]
<IntroductionSLGP_files/figure-latex/figureQuakes2Dbins-1.pdf, id=707, 722.7pt 
x 289.08pt>
File: IntroductionSLGP_files/figure-latex/figureQuakes2Dbins-1.pdf Graphic file
 (type pdf)
<use IntroductionSLGP_files/figure-latex/figureQuakes2Dbins-1.pdf>
Package pdftex.def Info: IntroductionSLGP_files/figure-latex/figureQuakes2Dbins
-1.pdf  used on input line 2762.
(pdftex.def)             Requested size: 465.06004pt x 186.02509pt.
[64] [65 <./IntroductionSLGP_files/figure-latex/figureQuakes2Dbins-1.pdf>]
<IntroductionSLGP_files/figure-latex/figureQuakes2DMAPcenter-1.pdf, id=729, 722
.7pt x 289.08pt>
File: IntroductionSLGP_files/figure-latex/figureQuakes2DMAPcenter-1.pdf Graphic
 file (type pdf)
<use IntroductionSLGP_files/figure-latex/figureQuakes2DMAPcenter-1.pdf>
Package pdftex.def Info: IntroductionSLGP_files/figure-latex/figureQuakes2DMAPc
enter-1.pdf  used on input line 2816.
(pdftex.def)             Requested size: 465.06004pt x 186.02509pt.

LaTeX Warning: Reference `fig:quakes2Dspread' on page 66 undefined on input lin
e 2830.


Overfull \hbox (23.74355pt too wide) in paragraph at lines 2881--2881
[]\T1/lmtt/m/n/10 +    bins %>% transmute(bin_id, facet_label, location = "SW",
 long = long_min, lat = lat_min),[] 
 []


Overfull \hbox (23.74355pt too wide) in paragraph at lines 2881--2881
[]\T1/lmtt/m/n/10 +    bins %>% transmute(bin_id, facet_label, location = "SE",
 long = long_max, lat = lat_min),[] 
 []


Overfull \hbox (23.74355pt too wide) in paragraph at lines 2881--2881
[]\T1/lmtt/m/n/10 +    bins %>% transmute(bin_id, facet_label, location = "NW",
 long = long_min, lat = lat_max),[] 
 []


Overfull \hbox (23.74355pt too wide) in paragraph at lines 2881--2881
[]\T1/lmtt/m/n/10 +    bins %>% transmute(bin_id, facet_label, location = "NE",
 long = long_max, lat = lat_max),[] 
 []

[66 <./IntroductionSLGP_files/figure-latex/figureQuakes2DMAPcenter-1.pdf>]
<IntroductionSLGP_files/figure-latex/figureQuakes2Dspread-1.pdf, id=748, 722.7p
t x 289.08pt>
File: IntroductionSLGP_files/figure-latex/figureQuakes2Dspread-1.pdf Graphic fi
le (type pdf)
<use IntroductionSLGP_files/figure-latex/figureQuakes2Dspread-1.pdf>
Package pdftex.def Info: IntroductionSLGP_files/figure-latex/figureQuakes2Dspre
ad-1.pdf  used on input line 2885.
(pdftex.def)             Requested size: 465.06004pt x 186.02509pt.
[67 <./IntroductionSLGP_files/figure-latex/figureQuakes2Dspread-1.pdf>]

LaTeX Warning: Reference `fig:quakes2Dmoments' on page 68 undefined on input li
ne 2902.

<IntroductionSLGP_files/figure-latex/figureQuakes2Dmoments-1.pdf, id=765, 722.7
pt x 289.08pt>
File: IntroductionSLGP_files/figure-latex/figureQuakes2Dmoments-1.pdf Graphic f
ile (type pdf)
<use IntroductionSLGP_files/figure-latex/figureQuakes2Dmoments-1.pdf>
Package pdftex.def Info: IntroductionSLGP_files/figure-latex/figureQuakes2Dmome
nts-1.pdf  used on input line 2943.
(pdftex.def)             Requested size: 465.06004pt x 186.02509pt.
[68]

LaTeX Warning: Reference `fig:quakes2Dexceed' on page 69 undefined on input lin
e 2958.

[69 <./IntroductionSLGP_files/figure-latex/figureQuakes2Dmoments-1.pdf>]
<IntroductionSLGP_files/figure-latex/figureQuakes2Dexceed-1.pdf, id=789, 505.89
pt x 325.215pt>
File: IntroductionSLGP_files/figure-latex/figureQuakes2Dexceed-1.pdf Graphic fi
le (type pdf)
<use IntroductionSLGP_files/figure-latex/figureQuakes2Dexceed-1.pdf>
Package pdftex.def Info: IntroductionSLGP_files/figure-latex/figureQuakes2Dexce
ed-1.pdf  used on input line 3002.
(pdftex.def)             Requested size: 328.82707pt x 211.3922pt.
[70 <./IntroductionSLGP_files/figure-latex/figureQuakes2Dexceed-1.pdf>]
Overfull \hbox (2.7436pt too wide) in paragraph at lines 3050--3050
[]\T1/lmtt/m/n/10 +                                          "Simulated new eve
nts at the same locations")))[] 
 []

<IntroductionSLGP_files/figure-latex/simulate-demo-1.pdf, id=803, 469.755pt x 3
25.215pt>
File: IntroductionSLGP_files/figure-latex/simulate-demo-1.pdf Graphic file (typ
e pdf)
<use IntroductionSLGP_files/figure-latex/simulate-demo-1.pdf>
Package pdftex.def Info: IntroductionSLGP_files/figure-latex/simulate-demo-1.pd
f  used on input line 3052.
(pdftex.def)             Requested size: 469.75502pt x 325.2142pt.
[71 <./IntroductionSLGP_files/figure-latex/simulate-demo-1.pdf>] (IntroductionS
LGP.bbl) [72] (IntroductionSLGP.aux)
 ***********
LaTeX2e <2025-11-01>
L3 programming layer <2026-01-19>
 ***********

LaTeX Warning: There were undefined references.

 ) 
Here is how much of TeX's memory you used:
 15105 strings out of 467867
 253826 string characters out of 5428392
 704966 words of memory out of 5000000
 43433 multiletter control sequences out of 15000+600000
 691932 words of font info for 166 fonts, out of 8000000 for 9000
 1141 hyphenation exceptions out of 8191
 83i,6n,93p,1015b,720s stack positions out of 10000i,1000n,20000p,200000b,200000s
<C:/Program Files/MiKTeX/fonts/type1/public/lm/lmbx10.pfb><C:/Program Files/M
iKTeX/fonts/type1/public/lm/lmbx12.pfb><C:/Program Files/MiKTeX/fonts/type1/pub
lic/lm/lmex10.pfb><C:/Program Files/MiKTeX/fonts/type1/public/lm/lmmi10.pfb><C:
/Program Files/MiKTeX/fonts/type1/public/lm/lmmi7.pfb><C:/Program Files/MiKTeX/
fonts/type1/public/lm/lmr10.pfb><C:/Program Files/MiKTeX/fonts/type1/public/lm/
lmr12.pfb><C:/Program Files/MiKTeX/fonts/type1/public/lm/lmr17.pfb><C:/Program 
Files/MiKTeX/fonts/type1/public/lm/lmr5.pfb><C:/Program Files/MiKTeX/fonts/type
1/public/lm/lmr7.pfb><C:/Program Files/MiKTeX/fonts/type1/public/lm/lmri10.pfb>
<C:/Program Files/MiKTeX/fonts/type1/public/lm/lmsy10.pfb><C:/Program Files/MiK
TeX/fonts/type1/public/lm/lmtt10.pfb>
Output written on IntroductionSLGP.pdf (72 pages, 2156020 bytes).
PDF statistics:
 1028 PDF objects out of 1200 (max. 8388607)
 158 named destinations out of 1000 (max. 500000)
 35296 words of extra memory for PDF output out of 35830 (max. 10000000)

